======================================================================
COMPREHENSIVE API ENDPOINT TESTING
======================================================================

--- 1. Health & Root Endpoints ---
  [PASS]: GET /health - Health check - Status: 200
  [PASS]: GET / - Root endpoint - Status: 200
  [PASS]: GET  - API info - Status: 200
  [PASS]: HEAD /health - Health check HEAD - Status: 200
  [PASS]: HEAD / - Root HEAD - Status: 200

--- 2. Authentication Endpoints ---
  [PASS]: POST /auth/register - Register new user - Status: 200
  [PASS]: POST /auth/register - Duplicate registration should fail - Status: 400
  [PASS]: POST /auth/register - Short password should fail (Pydantic validation) - Status: 422
  [PASS]: POST /auth/register - No uppercase should fail - Status: 400
  [PASS]: POST /auth/register - No lowercase should fail - Status: 400
  [PASS]: POST /auth/register - No numbers should fail - Status: 400
  [PASS]: POST /auth/login - Login valid user - Status: 200
  [PASS]: POST /auth/login - Non-existent user login - Status: 401
  [PASS]: POST /auth/login - Wrong password login - Status: 401
  [PASS]: GET /auth/me - Get current user - Status: 200
  [PASS]: GET /auth/me - Get user without token should fail - Status: 401
  [PASS]: POST /auth/token/refresh/ - Refresh token - Status: 200
  [PASS]: POST /auth/token/refresh/ - Invalid refresh token - Status: 401

--- 3. User Endpoints ---
  [PASS]: GET /users/me/profile - Get user profile - Status: 200
  [PASS]: PATCH /users/me/profile - Update user profile - Status: 200
  [PASS]: PATCH /users/me/profile - Update profile with more fields - Status: 200
  [PASS]: GET /users/invites/ - Get workspace invites - Status: 200
  [PASS]: POST /users/invites/ - Create workspace invite - Status: 200

--- 4. Project Endpoints ---
  [PASS]: POST /projects/ - Create project - Status: 200
  [PASS]: POST /projects/ - Create second project - Status: 200
  [PASS]: GET /projects/ - Get all projects - Status: 200
  [PASS]: GET /projects/proj_1772674930461812/ - Get single project - Status: 200
  [PASS]: PUT /projects/proj_1772674930461812/ - Update project - Status: 200
  [PASS]: GET /projects/9290e882-f55d-4870-a203-02af57f62617/ - Get non-existent project - Status: 404

--- 5. Requirements Endpoints ---
  [PASS]: GET /projects/proj_1772674930461812/requirements/ - Get requirements (empty) - Status: 200
  [PASS]: POST /projects/proj_1772674930461812/requirements/ - Create requirement - Status: 200
  [PASS]: POST /projects/proj_1772674930461812/requirements/ - Create non-functional requirement - Status: 200
  [PASS]: POST /projects/proj_1772674930461812/requirements/ - Create medium priority requirement - Status: 200
  [PASS]: GET /projects/proj_1772674930461812/requirements/ - Get requirements (populated) - Status: 200
  [PASS]: PATCH /requirements/req_1772674944838379_0/ - Update requirement - Status: 200
  [PASS]: PUT /projects/proj_1772674930461812/requirements/bulk/ - Bulk replace requirements - Status: 200

--- 6. Tasks Endpoints ---
  [PASS]: GET /projects/proj_1772674930461812/tasks/ - Get tasks (empty) - Status: 200
  [PASS]: POST /projects/proj_1772674930461812/tasks/ - Create task - Status: 201
  [PASS]: POST /projects/proj_1772674930461812/tasks/ - Create task 2 - Status: 201
  [PASS]: POST /projects/proj_1772674930461812/tasks/ - Create task 3 - Status: 201
  [PASS]: POST /projects/proj_1772674930461812/tasks/ - Create task 4 - Status: 201
  [PASS]: GET /projects/proj_1772674930461812/tasks/ - Get tasks (populated) - Status: 200
  [PASS]: PATCH /tasks/task_1772674959306833/ - Update task status - Status: 200
  [PASS]: PATCH /tasks/task_1772674959306833/ - Mark task completed - Status: 200

--- 7. Artifacts Endpoints ---
  [PASS]: GET /projects/proj_1772674930461812/artifacts/ - Get artifacts - Status: 200

--- 8. Phase Endpoints ---
  [PASS]: GET /projects/proj_1772674930461812/phases/ - Get phase status - Status: 200
  [PASS]: POST /projects/proj_1772674930461812/phases/unlock-all/ - Unlock all phases - Status: 200
  [PASS]: POST /projects/proj_1772674930461812/phases/planning/generate/ - Generate phase: planning - Status: 200
  [PASS]: POST /projects/proj_1772674930461812/phases/feasibility_study/generate/ - Generate phase: feasibility_study - Status: 200
  [PASS]: POST /projects/proj_1772674930461812/phases/requirements_gathering/generate/ - Generate phase: requirements_gathering - Status: 200
  [PASS]: POST /projects/proj_1772674930461812/phases/validation/generate/ - Generate phase: validation - Status: 200
  [PASS]: POST /projects/proj_1772674930461812/phases/development/generate/ - Generate phase: development - Status: 200

--- 9. Diagram Endpoints ---
  [PASS]: GET /projects/proj_1772674930461812/sdlc-diagrams/planning/ - Get planning diagram workspace - Status: 200
  [PASS]: PUT /projects/proj_1772674930461812/sdlc-diagrams/planning/ - Save diagram workspace - Status: 200

--- 10. UX Flow Endpoints ---
  [PASS]: GET /projects/proj_1772674930461812/ux-flow/ - Get UX flow (not yet generated) - Status: 404
  [PASS]: POST /projects/proj_1772674930461812/ux-flow/generate/ - Generate UX flow - Status: 200

--- 11. Roadmap Endpoints ---
  [PASS]: GET /projects/proj_1772674930461812/roadmap/ - Get roadmap - Status: 200
  [PASS]: PUT /projects/proj_1772674930461812/roadmap/ - Save roadmap - Status: 200

--- 12. Feasibility Endpoints ---
  [PASS]: GET /projects/proj_1772674930461812/feasibility-studies/ - Get feasibility studies - Status: 200
  [PASS]: PUT /projects/proj_1772674930461812/feasibility-studies/ - Save feasibility studies - Status: 200
  [PASS]: GET /projects/proj_1772674930461812/feasibility-sections/ - Get feasibility sections - Status: 200
  [PASS]: PUT /projects/proj_1772674930461812/feasibility-sections/ - Save feasibility sections - Status: 200

--- 13. Development Endpoints ---
  [PASS]: GET /projects/proj_1772674930461812/development/ - Get development info - Status: 200
  [PASS]: PUT /projects/proj_1772674930461812/development/ - Save development info - Status: 200

--- 14. AI Runs Endpoints ---
  [PASS]: GET /projects/proj_1772674930461812/ai-runs/ - Get AI runs - Status: 200

--- 15. Activity Endpoints ---
  [PASS]: GET /projects/proj_1772674930461812/activity/ - Get activity log - Status: 200

--- 16. Change Log Endpoints ---
  [PASS]: GET /projects/proj_1772674930461812/changelog/ - Get change log - Status: 200
  [PASS]: POST /projects/proj_1772674930461812/changelog/ - Create change log entry - Status: 201

--- 17. UML Diagram Endpoints ---
  [PASS]: GET /projects/proj_1772674930461812/uml/use_case/ - Get use_case UML diagram - Status: 200
  [PASS]: GET /projects/proj_1772674930461812/uml/class/ - Get class UML diagram - Status: 200
  [PASS]: GET /projects/proj_1772674930461812/uml/sequence/ - Get sequence UML diagram - Status: 200
  [PASS]: PUT /projects/proj_1772674930461812/uml/use_case/ - Save use case UML diagram - Status: 200

--- 18. Personas Endpoints ---
  [PASS]: POST /projects/proj_1772674930461812/personas/generate - Generate personas - Status: 200

--- 19. SRS Audit Endpoints ---
  [PASS]: POST /projects/proj_1772674930461812/srs-audit - Run SRS audit - Status: 200

--- 20. Scenario Branches Endpoints ---
  [PASS]: GET /projects/proj_1772674930461812/branches/ - Get scenario branches - Status: 200
  [PASS]: POST /projects/proj_1772674930461812/branches/ - Create scenario branch - Status: 200

--- 21. Team Endpoints ---
  [PASS]: POST /auth/register - Register team member - Status: 200
  [PASS]: POST /projects/proj_1772674930461812/team/ - Add team member - Status: 200

--- 22. Generation & AI Pipeline Endpoints ---
  [PASS]: POST /projects/proj_1772674930461812/generate/ - Generate project content - Status: 200
  [PASS]: GET /ai/models - Get AI models - Status: 200
  [PASS]: GET /ai/performance-stats - Get AI performance stats - Status: 200
  [PASS]: GET /ai/health - AI pipeline health check - Status: 200

--- 23. Billing Endpoints ---
  [PASS]: GET /billing/plans - Get billing plans - Status: 200
  [PASS]: POST /billing/subscribe?plan=free&billing_cycle=monthly - Subscribe to free plan - Status: 200

--- 24. Sandbox Endpoints ---
  [PASS]: POST /sandbox/run - Run Python sandbox code - Status: 200
  [PASS]: POST /sandbox/run - Run JavaScript sandbox code - Status: 200

--- 25. Templates Endpoints ---
  [PASS]: POST /projects/templates/resolve/ - Resolve workspace template - Status: 200
  [PASS]: GET /templates - Get all templates - Status: 200

--- 26. Export Endpoints ---
  [PASS]: GET /projects/proj_1772674930461812/export/pdf - Export project as PDF - Status: 200
  [PASS]: GET /projects/proj_1772674930461812/export/docx - Export project as DOCX - Status: 200
  [PASS]: GET /projects/proj_1772674930461812/requirements/export/ - Export requirements - Status: 200

--- 27. Negotiation Endpoints ---
  [PASS]: POST /projects/proj_1772674930461812/negotiation/threads - Create negotiation thread - Status: 200

--- 28. Payment Endpoints ---
  [PASS]: GET /payment/methods - Get payment methods - Status: 200
  [PASS]: GET /payment/test-cards - Get test cards - Status: 200

--- 29. Version History Endpoints ---
  [PASS]: POST /projects/proj_1772674930461812/version/history - Get version history - Status: 200

--- 30. Notifications Endpoints ---
  [PASS]: GET /notifications - Get notifications - Status: 200
  [PASS]: POST /notifications/read-all - Mark all notifications read - Status: 200

--- 31. Traceability Endpoints ---
  [PASS]: GET /projects/proj_1772674930461812/traceability/matrix - Get traceability matrix - Status: 200
  [PASS]: GET /projects/proj_1772674930461812/traceability/coverage - Get traceability coverage - Status: 200

--- 32. Explainability Endpoints ---
  [PASS]: POST /projects/proj_1772674930461812/explain/requirement?brief=Test+project - Explain requirement - Status: 200

--- 33. Utils Endpoints ---
  [PASS]: GET /utils/redis/status - Redis status - Status: 200
  [PASS]: GET /utils/config/status - Config status - Status: 200
  [PASS]: GET /utils/cache/stats - Cache stats - Status: 200

--- 34. Assistant/Chat Endpoints ---
  [PASS]: POST /projects/proj_1772674930461812/assistant/chat/ - Chat with assistant - Status: 200

--- 35. Edge Cases & Negative Tests ---
  [PASS]: GET /projects/ - Invalid token should fail - Status: 401
  [PASS]: POST /projects/ - Create project without name should fail - Status: 422
  [PASS]: GET /projects/nonexistent-id-12345/ - Non-existent project should 404 - Status: 404
  [PASS]: GET /projects/9290e882-f55d-4870-a203-02af57f62617/requirements/ - Requirements on non-existent project - Status: 404
  [PASS]: POST /projects/ - Create project with long name should fail - Status: 422

--- 36. Cross-User Isolation Tests ---
  [PASS]: POST /auth/register - Register second user for isolation test - Status: 200
  [PASS]: GET /projects/ - User2 sees own projects only - Status: 200

--- 37. Cleanup ---
  [PASS]: DELETE /projects/proj_1772674930461812 - Delete first project - Status: 200
  [PASS]: DELETE /projects/proj_1772674932527803 - Delete second project - Status: 200
  [PASS]: GET /projects/proj_1772674930461812/ - Deleted project should not exist - Status: 404

--- 38. Logout ---
  [PASS]: POST /auth/logout - Logout - Status: 200
  [PASS]: GET /auth/me - Access with invalid token should fail - Status: 401

======================================================================
TEST SUMMARY
======================================================================
Total Tests: 116
Passed: 116
Failed: 0
Pass Rate: 100.0%
======================================================================
